[xpovio-ltr.vercel.app/index04b9.html]
[xpovio-ltr.vercel.app/images/favicon.png]
[backblue.gif]
[fade.gif]
[index.html]
[xpovio-ltr.vercel.app/_next/static/css/657a5aa87bba5cd5.css]
[xpovio-ltr.vercel.app/_next/static/css/c65208ab91603cc0.css]
[xpovio-ltr.vercel.app/index.html]
[xpovio-ltr.vercel.app/_next/static/chunks/polyfills-78c92fac7aa8fdd8.js]
[xpovio-ltr.vercel.app/_next/static/chunks/webpack-b8f8d6679aaa5f42.js]
[xpovio-ltr.vercel.app/_next/static/chunks/framework-63157d71ad419e09.js]
[xpovio-ltr.vercel.app/_next/static/chunks/main-c6c319de9f7d0316.js]
[xpovio-ltr.vercel.app/_next/static/chunks/pages/_app-2fb4ffe651bd3bef.js]
[xpovio-ltr.vercel.app/_next/static/chunks/94726e6d-6a6b860420dd6fab.js]
[xpovio-ltr.vercel.app/_next/static/chunks/458-1fc939c5e665275b.js]
[xpovio-ltr.vercel.app/_next/static/chunks/127-b0e151174dacd816.js]
[xpovio-ltr.vercel.app/_next/static/chunks/962-e5552bd2778741b6.js]
[xpovio-ltr.vercel.app/_next/static/chunks/392-745864ae302722da.js]
[xpovio-ltr.vercel.app/_next/static/chunks/873-2d592a36cd2d54c7.js]
[xpovio-ltr.vercel.app/_next/static/chunks/pages/index-8ad5ecc31c0976ac.js]
[xpovio-ltr.vercel.app/_next/static/AHBsyuLXdvPG-jRZQ9b7D/_buildManifest.js]
[xpovio-ltr.vercel.app/_next/static/AHBsyuLXdvPG-jRZQ9b7D/_ssgManifest.js]
[xpovio-ltr.vercel.app/_next/logoc0a3.png]
[xpovio-ltr.vercel.app/index-light]
[xpovio-ltr.vercel.app/index-two]
[xpovio-ltr.vercel.app/index-two-light]
[xpovio-ltr.vercel.app/index-three]
[xpovio-ltr.vercel.app/index-three-light]
[xpovio-ltr.vercel.app/index-four]
[xpovio-ltr.vercel.app/index-four-light]
[xpovio-ltr.vercel.app/index-five]
[xpovio-ltr.vercel.app/index-five-light]
[xpovio-ltr.vercel.app/about-us]
[xpovio-ltr.vercel.app/our-services]
[xpovio-ltr.vercel.app/service-single]
[xpovio-ltr.vercel.app/our-projects]
[xpovio-ltr.vercel.app/project-single]
[xpovio-ltr.vercel.app/faq]
[xpovio-ltr.vercel.app/404]
[xpovio-ltr.vercel.app/our-story]
[xpovio-ltr.vercel.app/portfolio]
[xpovio-ltr.vercel.app/our-teams]
[xpovio-ltr.vercel.app/team-single]
[xpovio-ltr.vercel.app/client-feedback]
[xpovio-ltr.vercel.app/contact-us]
[xpovio-ltr.vercel.app/blog]
[xpovio-ltr.vercel.app/blog-single]
[xpovio-ltr.vercel.app/_next/banner-one-thumb7eaf.png]
[xpovio-ltr.vercel.app/_next/star6229.png]
[xpovio-ltr.vercel.app/_next/video-frame601a.png]
[xpovio-ltr.vercel.app/_next/thumb-one335a.png]
[xpovio-ltr.vercel.app/_next/thumb-two7834.png]
[xpovio-ltr.vercel.app/_next/dot-large5ec1.png]
[xpovio-ltr.vercel.app/_next/one8d8e.png]
[xpovio-ltr.vercel.app/_next/two8024.png]
[xpovio-ltr.vercel.app/_next/threed8dd.png]
[xpovio-ltr.vercel.app/_next/four09e5.png]
[xpovio-ltr.vercel.app/_next/five0340.png]
[xpovio-ltr.vercel.app/_next/sixc875.png]
[xpovio-ltr.vercel.app/_next/dot4ae2.png]
[xpovio-ltr.vercel.app/_next/sevenbb49.png]
[xpovio-ltr.vercel.app/_next/blog-thumb73e4.png]
[xpovio-ltr.vercel.app/_next/star3bb2.png]
[xpovio-ltr.vercel.app/_next/s-thumb3afe.png]
[xpovio-ltr.vercel.app/_next/s-thumb-twoeb62.png]
[xpovio-ltr.vercel.app/_next/s-thumb-threefe9e.png]
[xpovio-ltr.vercel.app/_next/one5e14.png]
[xpovio-ltr.vercel.app/_next/two317f.png]
[xpovio-ltr.vercel.app/_next/onebd7b.png]
[xpovio-ltr.vercel.app/_next/twod11a.png]
[xpovio-ltr.vercel.app/_next/three3f3d.png]
[xpovio-ltr.vercel.app/_next/four30a9.png]
[xpovio-ltr.vercel.app/_next/fivedf6b.png]
[xpovio-ltr.vercel.app/_next/six102c.png]
[xpovio-ltr.vercel.app/'/images/footer/footer-bg.png']
[xpovio-ltr.vercel.app/images/popup-video.mp4]
[xpovio-ltr.vercel.app/index04b9.html]
[xpovio-ltr.vercel.app/index.html]
[xpovio-ltr.vercel.app/_next/static/media/fa-brands-400.610eeab5.woff2]
[xpovio-ltr.vercel.app/_next/static/media/fa-brands-400.9d3aebc1.ttf]
[xpovio-ltr.vercel.app/_next/static/media/fa-duotone-900.eef50afb.woff2]
[xpovio-ltr.vercel.app/_next/static/media/fa-light-300.ad801e0f.woff2]
[xpovio-ltr.vercel.app/_next/static/media/fa-duotone-900.ea0550d2.ttf]
[xpovio-ltr.vercel.app/_next/static/media/fa-regular-400.d71deed7.woff2]
[xpovio-ltr.vercel.app/_next/static/media/fa-solid-900.d8af896e.woff2]
[xpovio-ltr.vercel.app/_next/static/media/fa-regular-400.e551848b.ttf]
[xpovio-ltr.vercel.app/_next/static/media/fa-light-300.b8b33ff9.ttf]
[xpovio-ltr.vercel.app/_next/static/media/fa-thin-100.b13b6a2a.woff2]
[xpovio-ltr.vercel.app/_next/static/media/fa-solid-900.b283534e.ttf]
[xpovio-ltr.vercel.app/_next/static/media/fa-v4compatibility.8abc4437.woff2]
[xpovio-ltr.vercel.app/_next/static/media/fa-v4compatibility.ad381c02.ttf]
[xpovio-ltr.vercel.app/_next/static/media/fa-sharp-light-300.d3b4cda2.woff2]
[xpovio-ltr.vercel.app/_next/static/media/fa-sharp-regular-400.173e7aed.woff2]
[xpovio-ltr.vercel.app/_next/static/media/fa-thin-100.2fda0f0e.ttf]
[xpovio-ltr.vercel.app/_next/static/media/fa-sharp-light-300.c8f137f7.ttf]
[xpovio-ltr.vercel.app/_next/static/media/fa-sharp-solid-900.b8050ee1.woff2]
[xpovio-ltr.vercel.app/_next/static/media/fa-sharp-regular-400.8805f7f6.ttf]
[xpovio-ltr.vercel.app/_next/static/media/xtrem.2005c185.eot]
[xpovio-ltr.vercel.app/_next/static/media/xtrem.2005c185d41d.eot]
[xpovio-ltr.vercel.app/_next/static/media/fa-sharp-solid-900.537db4fc.ttf]
[xpovio-ltr.vercel.app/_next/static/media/xtrem.419bc21b.woff]
[xpovio-ltr.vercel.app/_next/static/media/xtrem.436639df.ttf]
[xpovio-ltr.vercel.app/_next/static/css/657a5aa87bba5cd5.css]
[xpovio-ltr.vercel.app/_next/static/css/c65208ab91603cc0.css]
[xpovio-ltr.vercel.app/_next/static/chunks/pages/index-light-0b38a6354dd05195.js]
[xpovio-ltr.vercel.app/_next/logo-lightea9a.png]
[xpovio-ltr.vercel.app/_next/one-dark6429.png]
[xpovio-ltr.vercel.app/_next/two-dark7786.png]
[xpovio-ltr.vercel.app/_next/three-darkdab0.png]
[xpovio-ltr.vercel.app/_next/four-dark440e.png]
[xpovio-ltr.vercel.app/_next/five-dark5bd4.png]
[xpovio-ltr.vercel.app/_next/six-dark9d6f.png]
[xpovio-ltr.vercel.app/index-light]
[xpovio-ltr.vercel.app/_next/static/chunks/206-3808773d5a640dbb.js]
[xpovio-ltr.vercel.app/_next/static/chunks/pages/index-two-15e97bc5e9135e8e.js]
[xpovio-ltr.vercel.app/'/images/banner/banner-two-bg.png']
[xpovio-ltr.vercel.app/images/banner-video.mp4]
[xpovio-ltr.vercel.app/_next/dawn3e33.png]
[xpovio-ltr.vercel.app/_next/award-thumbb7ae.png]
[xpovio-ltr.vercel.app/_next/ballf206.png]
[xpovio-ltr.vercel.app/_next/modal-bg0685.png]
[xpovio-ltr.vercel.app/_next/video-frame-two685d.png]
[xpovio-ltr.vercel.app/_next/thumbd72b.png]
[xpovio-ltr.vercel.app/_next/avatar5a23.png]
[xpovio-ltr.vercel.app/_next/stard5d1.png]
[xpovio-ltr.vercel.app/_next/three92d9.png]
[xpovio-ltr.vercel.app/_next/four15e1.png]
[xpovio-ltr.vercel.app/_next/fivee2df.png]
[xpovio-ltr.vercel.app/assets/images/cta-bg.png]
[xpovio-ltr.vercel.app/index-two]
[xpovio-ltr.vercel.app/_next/static/chunks/pages/index-two-light-f6a7b96a265c43d3.js]
[xpovio-ltr.vercel.app/_next/dawn-light6284.png]
[xpovio-ltr.vercel.app/index-two-light]
[xpovio-ltr.vercel.app/_next/static/chunks/154-7a32a316e6842553.js]
[xpovio-ltr.vercel.app/_next/static/chunks/488-84bf6775ccccbced.js]
[xpovio-ltr.vercel.app/_next/static/chunks/pages/index-three-d5885b83849c28a2.js]
[xpovio-ltr.vercel.app/'/images/banner/banner-three-bg.png']
[xpovio-ltr.vercel.app/'/images/banner/banner-two-bg-two.png']
[xpovio-ltr.vercel.app/'/images/banner/banner-two-bg-three.png']
[xpovio-ltr.vercel.app/_next/arrow3ba1.png]
[xpovio-ltr.vercel.app/_next/video-bg1f8f.png]
[xpovio-ltr.vercel.app/_next/one0034.png]
[xpovio-ltr.vercel.app/_next/thumb-three25c5.png]
[xpovio-ltr.vercel.app/_next/clutchc88f.png]
[xpovio-ltr.vercel.app/_next/eight8b88.png]
[xpovio-ltr.vercel.app/_next/ninec34e.png]
[xpovio-ltr.vercel.app/_next/tenfee3.png]
[xpovio-ltr.vercel.app/'/images/work/thumb-one.png']
[xpovio-ltr.vercel.app/_next/eleven9d5a.png]
[xpovio-ltr.vercel.app/_next/eight5c19.png]
[xpovio-ltr.vercel.app/'/images/cta-two-bg.png']
[xpovio-ltr.vercel.app/_next/footer-three-thumb8cda.png]
[xpovio-ltr.vercel.app/index-three]
[xpovio-ltr.vercel.app/index-three-light]
[xpovio-ltr.vercel.app/_next/static/chunks/pages/index-three-light-c4f11b783cf1eae0.js]
[xpovio-ltr.vercel.app/_next/static/chunks/570-24d9d7a89239e7ec.js]
[xpovio-ltr.vercel.app/_next/static/chunks/pages/index-four-6c2e1140be0fc1b2.js]
[xpovio-ltr.vercel.app/_next/video-frame-three562d.png]
[xpovio-ltr.vercel.app/_next/four-thumb-small5ea8.png]
[xpovio-ltr.vercel.app/_next/four-thumbe027.png]
[xpovio-ltr.vercel.app/_next/five6a61.png]
[xpovio-ltr.vercel.app/_next/four8168.png]
[xpovio-ltr.vercel.app/_next/one5f77.png]
[xpovio-ltr.vercel.app/_next/eightb6eb.png]
[xpovio-ltr.vercel.app/_next/sixacb8.png]
[xpovio-ltr.vercel.app/_next/two373e.png]
[xpovio-ltr.vercel.app/_next/three94dd.png]
[xpovio-ltr.vercel.app/_next/seven9aad.png]
[xpovio-ltr.vercel.app/index-four]
[xpovio-ltr.vercel.app/_next/static/chunks/pages/index-four-light-86199f3b21a92a7a.js]
[xpovio-ltr.vercel.app/_next/four-thumb-l-sme3de.png]
[xpovio-ltr.vercel.app/_next/four-thumb-lf162.png]
[xpovio-ltr.vercel.app/index-four-light]
[xpovio-ltr.vercel.app/_next/static/chunks/pages/index-five-7cddcdaea5cbe4e5.js]
[xpovio-ltr.vercel.app/_next/nineb7ec.png]
[xpovio-ltr.vercel.app/_next/ten8802.png]
[xpovio-ltr.vercel.app/_next/eleven1964.png]
[xpovio-ltr.vercel.app/_next/twelvedee8.png]
[xpovio-ltr.vercel.app/_next/thirteend330.png]
[xpovio-ltr.vercel.app/index-five]
[xpovio-ltr.vercel.app/index-five-light]
[xpovio-ltr.vercel.app/_next/static/chunks/pages/index-five-light-18a94e682c13a8e6.js]
[xpovio-ltr.vercel.app/_next/static/chunks/pages/about-us-6685e0b996c10a22.js]
[xpovio-ltr.vercel.app/'/images/banner/cmn-banner-bg.png']
[xpovio-ltr.vercel.app/_next/one884b.png]
[xpovio-ltr.vercel.app/'/images/teams/bg.png']
[xpovio-ltr.vercel.app/_next/twoa5a0.png]
[xpovio-ltr.vercel.app/_next/three3a42.png]
[xpovio-ltr.vercel.app/_next/four7273.png]
[xpovio-ltr.vercel.app/_next/five2a49.png]
[xpovio-ltr.vercel.app/_next/six6610.png]
[xpovio-ltr.vercel.app/_next/seveneb09.png]
[xpovio-ltr.vercel.app/about-us]
[xpovio-ltr.vercel.app/our-services]
[xpovio-ltr.vercel.app/_next/static/chunks/pages/our-services-7e4a50232d74156d.js]
[xpovio-ltr.vercel.app/_next/static/chunks/pages/service-single-dc0dffe0f119a757.js]
[xpovio-ltr.vercel.app/_next/thumb-one16b0.png]
[xpovio-ltr.vercel.app/_next/thumb-two4252.png]
[xpovio-ltr.vercel.app/service-single]
[xpovio-ltr.vercel.app/_next/static/chunks/pages/our-projects-c2cd9ad9bc11517c.js]
[xpovio-ltr.vercel.app/_next/hr-onefd15.png]
[xpovio-ltr.vercel.app/_next/hr-twodd18.png]
[xpovio-ltr.vercel.app/_next/hr-three56dd.png]
[xpovio-ltr.vercel.app/_next/hr-fourc41d.png]
[xpovio-ltr.vercel.app/_next/hr-five108f.png]
[xpovio-ltr.vercel.app/_next/hr-six1949.png]
[xpovio-ltr.vercel.app/our-projects]
[xpovio-ltr.vercel.app/_next/static/chunks/pages/project-single-e99a437e1c881956.js]
[xpovio-ltr.vercel.app/_next/poster8b52.png]
[xpovio-ltr.vercel.app/_next/icon-one10d8.png]
[xpovio-ltr.vercel.app/_next/icon-twoa2d4.png]
[xpovio-ltr.vercel.app/_next/icon-three3491.png]
[xpovio-ltr.vercel.app/_next/d-onedfb7.png]
[xpovio-ltr.vercel.app/_next/d-twofa32.png]
[xpovio-ltr.vercel.app/_next/d-threeec02.png]
[xpovio-ltr.vercel.app/_next/d-four8805.png]
[xpovio-ltr.vercel.app/_next/d-five32f9.png]
[xpovio-ltr.vercel.app/project-single]
[xpovio-ltr.vercel.app/_next/static/chunks/pages/faq-0041beec6aa7caff.js]
[xpovio-ltr.vercel.app/_next/faq-thumbac07.png]
[xpovio-ltr.vercel.app/faq]
[xpovio-ltr.vercel.app/404]
[xpovio-ltr.vercel.app/_next/static/chunks/pages/our-story-723850fceedb70f2.js]
[xpovio-ltr.vercel.app/_next/onefa91.png]
[xpovio-ltr.vercel.app/_next/twof529.png]
[xpovio-ltr.vercel.app/_next/one88cc.png]
[xpovio-ltr.vercel.app/_next/two9f61.png]
[xpovio-ltr.vercel.app/_next/three6af0.png]
[xpovio-ltr.vercel.app/_next/fourf163.png]
[xpovio-ltr.vercel.app/_next/five0de7.png]
[xpovio-ltr.vercel.app/our-story]
[xpovio-ltr.vercel.app/_next/static/chunks/pages/portfolio-d54ee4fd1302cbb5.js]
[xpovio-ltr.vercel.app/_next/elevene6d0.png]
[xpovio-ltr.vercel.app/_next/twelve6a9f.png]
[xpovio-ltr.vercel.app/_next/fifteend9fe.png]
[xpovio-ltr.vercel.app/_next/sixteenac2b.png]
[xpovio-ltr.vercel.app/_next/seventeen3ba9.png]
[xpovio-ltr.vercel.app/_next/eighteen2b95.png]
[xpovio-ltr.vercel.app/_next/thirteen1d3f.png]
[xpovio-ltr.vercel.app/_next/fourteen0375.png]
[xpovio-ltr.vercel.app/portfolio]
[xpovio-ltr.vercel.app/our-teams]
[xpovio-ltr.vercel.app/_next/static/chunks/pages/our-teams-d9dbd87d20abbdd9.js]
[xpovio-ltr.vercel.app/team-single]
[xpovio-ltr.vercel.app/_next/static/chunks/pages/team-single-628e4e23a1ca1d8d.js]
[xpovio-ltr.vercel.app/client-feedback]
[xpovio-ltr.vercel.app/_next/static/chunks/pages/client-feedback-acc3b7b6f23e57e0.js]
[xpovio-ltr.vercel.app/_next/static/chunks/pages/contact-us-463399561bc8e9ed.js]
[xpovio-ltr.vercel.app/_next/phone3dd2.png]
[xpovio-ltr.vercel.app/_next/mail2b8c.png]
[xpovio-ltr.vercel.app/_next/location8045.png]
[xpovio-ltr.vercel.app/_next/time9971.png]
[xpovio-ltr.vercel.app/contact-us]
[xpovio-ltr.vercel.app/_next/static/chunks/pages/blog-830f74b4ff2672ff.js]
[xpovio-ltr.vercel.app/_next/eight84a3.png]
[xpovio-ltr.vercel.app/_next/nine27f6.png]
[xpovio-ltr.vercel.app/_next/tenf654.png]
[xpovio-ltr.vercel.app/_next/eleven8ca2.png]
[xpovio-ltr.vercel.app/_next/twelve439b.png]
[xpovio-ltr.vercel.app/_next/thirteen1b26.png]
[xpovio-ltr.vercel.app/_next/fourteen52cc.png]
[xpovio-ltr.vercel.app/blog]
[xpovio-ltr.vercel.app/_next/static/chunks/pages/blog-single-dfc4594da76fdef7.js]
[xpovio-ltr.vercel.app/_next/poster66d8.png]
[xpovio-ltr.vercel.app/_next/group-one057b.png]
[xpovio-ltr.vercel.app/_next/group-two803a.png]
[xpovio-ltr.vercel.app/blog-single]
[xpovio-ltr.vercel.app/'/images/footer/404]
[xpovio-ltr.vercel.app/_next/static/media/xtrem.89b49412.svg]
[xpovio-ltr.vercel.app/'/images/banner/404]
[xpovio-ltr.vercel.app/assets/images/404]
[xpovio-ltr.vercel.app/'/images/banner/404-2]
[xpovio-ltr.vercel.app/'/images/banner/404-3]
[xpovio-ltr.vercel.app/'/images/banner/404-4]
[xpovio-ltr.vercel.app/'/images/work/404]
[xpovio-ltr.vercel.app/'/images/404]
[xpovio-ltr.vercel.app/'/images/banner/404-5]
[xpovio-ltr.vercel.app/'/images/teams/404]
